[2026-07-02 12:12:01] JOB edicao=28 artista="BEBECO E OS ELETRICOS" OK feed(0.8s) story(1.0s) sympla(0.9s)
[2026-07-02 12:15:18] JOB edicao=28 artista="BEBECO E OS ELETRICOS" OK feed(0.7s) story(1.0s) sympla(1.0s)
[2026-07-02 12:16:17] JOB edicao=29 artista="TESTE ERRO" ERRO foto não encontrada: fotos/nao_existe.jpg
[2026-07-02 12:33:33] JOB edicao=28 artista="BEBECO E OS ELETRICOS" OK feed(0.8s) story(1.0s) sympla(0.9s)
[2026-07-02 12:34:38] JOB edicao=28 artista="BEBECO E OS ELETRICOS" ERRO foto não encontrada: fotos/artista28.jpg
[2026-07-02 12:35:05] JOB edicao=28 artista="BEBECO E OS ELETRICOS" ERRO foto não encontrada: fotos/artista28.jpg
[2026-07-02 12:38:21] JOB edicao=27 artista="GONZALO ARAYA" OK feed(0.6s) story(0.8s) sympla(0.8s)
[2026-07-02 12:46:36] JOB edicao=27 artista="GONZALO ARAYA" OK feed(1.6s) story(1.9s) sympla(1.9s)
[2026-07-02 12:47:48] JOB edicao=27 artista="GONZALO ARAYA" OK feed(1.6s) story(1.9s) sympla(1.9s)
[2026-07-02 12:47:48] JOB edicao=28 artista="BEBECO E OS ELETRICOS" ERRO foto não encontrada: fotos/artista28.jpg
[2026-07-02 12:48:23] JOB edicao=28 artista="BEBECO E OS ELETRICOS" OK feed(1.9s) story(2.2s) sympla(2.2s)
[2026-07-02 12:49:41] JOB edicao=28 artista="BEBECO E OS ELETRICOS" OK feed(1.9s) story(2.2s) sympla(2.2s)
[2026-07-02 12:49:47] JOB edicao=27 artista="GONZALO ARAYA" OK feed(1.7s) story(1.9s) sympla(1.9s)
[2026-07-02 13:39:50] JOB edicao=28 artista="BEBECO E OS ELETRICOS" OK feed(1.9s) story(2.2s) sympla(2.2s)
[2026-07-02 18:30:41] JOB edicao=28 artista="BEBECO E OS ELETRICOS" OK feed(2.1s) story(2.3s) sympla(2.3s)
[2026-07-02 21:26:30] JOB edicao=28 artista="BEBECO E OS ELETRICOS" OK feed(15.5s)
[2026-07-02 21:26:58] JOB edicao=99 artista="TESTE" ERRO foto não encontrada: fotos/nao_existe.jpg
[2026-07-02 21:26:59] JOB edicao=99 artista="TESTE" ERRO template PSD não encontrado para: story (esperado em C:\Users\PC\Desktop\PSD AUTOMATICO\fbs-gerador\assets\templates\fbs_story.psd)
[2026-07-02 21:26:59] JOB edicao=99 artista="TESTE" ERRO campo obrigatório faltando: hora
[2026-07-02 21:29:42] JOB edicao=28 artista="BEBECO E OS ELETRICOS" OK feed(15.5s)
[2026-07-03 09:58:48] JOB edicao=28 artista="BEBECO E OS ELETRICOS" OK feed(20.8s)
[2026-07-03 10:15:55] JOB edicao=28 artista="BEBECO E OS ELETRICOS" OK feed(17.1s)
[2026-07-03 10:17:03] JOB edicao=28 artista="BEBECO E OS ELETRICOS" OK feed(16.6s)
[2026-07-03 10:21:10] JOB edicao=28 artista="BEBECO E OS ELETRICOS" OK feed(17.2s)
[2026-07-03 10:27:18] JOB edicao=28 artista="BEBECO E OS ELETRICOS" OK feed(16.3s)
[2026-07-03 10:29:27] JOB edicao=28 artista="BEBECO E OS ELETRICOS" OK feed(15.9s)
[2026-07-03 10:30:22] JOB edicao=28 artista="BEBECO E OS ELETRICOS" OK feed(16.0s)
[2026-07-03 10:32:05] JOB edicao=28 artista="BEBECO E OS ELETRICOS" OK feed(16.0s)
[2026-07-03 10:33:11] JOB edicao=28 artista="BEBECO E OS ELETRICOS" OK feed(17.1s)
[2026-07-03 10:36:54] JOB edicao=28 artista="BEBECO E OS ELETRICOS" OK feed(18.0s)
[2026-07-03 10:39:08] JOB edicao=28 artista="BEBECO E OS ELETRICOS" OK feed(17.3s)
[2026-07-03 10:44:00] JOB edicao=28 artista="BEBECO E OS ELETRICOS" OK feed(17.0s)
[2026-07-03 11:24:31] JOB edicao=28 artista="BEBECO E OS ELETRICOS" OK feed(12.0s)
[2026-07-03 11:29:52] JOB edicao=28 artista="BEBECO E OS ELETRICOS" OK feed(12.8s)
[2026-07-03 11:30:22] posicionar_por_rosto: rosto não detectado — usando fit_cover(foco=topo)
[2026-07-03 11:30:29] JOB edicao=90 artista="TESTE FOTO teste2.jpg" OK feed(12.3s)
[2026-07-03 11:30:35] posicionar_por_rosto: rosto não detectado — usando fit_cover(foco=topo)
[2026-07-03 11:30:42] JOB edicao=90 artista="TESTE FOTO teste3.jpg" OK feed(12.5s)
[2026-07-03 11:31:14] JOB edicao=28 artista="BEBECO E OS ELETRICOS" OK feed(13.2s)
[2026-07-03 11:31:27] JOB edicao=28 artista="BEBECO E OS ELETRICOS" OK feed(12.5s)
[2026-07-03 11:31:56] JOB edicao=28 artista="BEBECO E OS ELETRICOS" OK feed(12.5s)
[2026-07-03 11:32:20] JOB edicao=28 artista="BEBECO E OS ELETRICOS" OK feed(12.4s)
[2026-07-03 11:33:42] JOB edicao=28 artista="BEBECO E OS ELETRICOS" OK feed(12.6s)
[2026-07-03 11:33:55] JOB edicao=28 artista="BEBECO E OS ELETRICOS" OK feed(12.5s)
[2026-07-03 11:37:39] JOB edicao=28 artista="BEBECO E OS ELETRICOS" OK feed(12.6s)
[2026-07-03 11:48:56] JOB edicao=28 artista="BEBECO E OS ELETRICOS" OK feed(13.4s)
[2026-07-03 11:50:20] JOB edicao=28 artista="BEBECO E OS ELETRICOS" OK feed(12.3s)
[2026-07-03 11:51:02] JOB edicao=28 artista="BEBECO E OS ELETRICOS" OK feed(12.8s)
[2026-07-03 11:52:38] JOB edicao=28 artista="GONZALO ARAYA" OK feed(12.3s)
[2026-07-03 11:53:36] JOB edicao=28 artista="GONZALO ARAYA" OK feed(12.6s)
[2026-07-03 12:17:53] JOB edicao=28 artista="GONZALO ARAYA" OK feed(18.8s)
[2026-07-03 12:30:45] JOB edicao=28 artista="GONZALO ARAYA" OK feed(16.9s)
[2026-07-03 12:32:53] JOB edicao=28 artista="GONZALO ARAYA" OK feed(14.9s)
[2026-07-03 12:34:50] JOB edicao=28 artista="GONZALO ARAYA" OK feed(18.6s)
[2026-07-03 12:43:37] JOB edicao=28 artista="GONZALO ARAYA" OK feed(14.7s)
[2026-07-03 12:44:27] JOB edicao=28 artista="GONZALO ARAYA" OK feed(13.4s)
[2026-07-03 12:46:01] JOB edicao=28 artista="GONZALO ARAYA" OK feed(13.6s)
[2026-07-03 12:46:56] JOB edicao=28 artista="GONZALO ARAYA" OK feed(13.6s)
[2026-07-03 12:48:21] JOB edicao=28 artista="GONZALO ARAYA" OK feed(13.1s)
[2026-07-03 12:49:31] JOB edicao=28 artista="GONZALO ARAYA" OK feed(13.4s)
[2026-07-03 12:49:58] JOB edicao=28 artista="GONZALO ARAYA" OK feed(13.3s)
[2026-07-03 12:51:16] JOB edicao=28 artista="GONZALO ARAYA" OK feed(13.0s)
[2026-07-03 12:52:03] JOB edicao=28 artista="GONZALO ARAYA" OK feed(12.8s)
[2026-07-03 12:52:55] JOB edicao=28 artista="GONZALO ARAYA" OK feed(13.4s)
[2026-07-03 12:57:23] JOB edicao=28 artista="GONZALO ARAYA" OK feed(14.9s)
[2026-07-03 12:59:57] JOB edicao=28 artista="GONZALO ARAYA" OK feed(14.0s)
[2026-07-03 13:05:16] JOB edicao=27 artista="GONZALO ARAYA" OK feed(16.8s)
[2026-07-03 13:07:03] JOB edicao=27 artista="GONZALO ARAYA" OK feed(14.1s)
[2026-07-03 13:08:08] JOB edicao=27 artista="GONZALO ARAYA" OK feed(14.0s)
[2026-07-03 13:09:08] JOB edicao=28 artista="GONZALO ARAYA" OK feed(14.2s)
[2026-07-03 13:13:33] JOB edicao=28 artista="GONZALO ARAYA" OK feed(16.2s)
[2026-07-03 13:15:37] JOB edicao=28 artista="GONZALO ARAYA" OK feed(25.4s)
[2026-07-03 13:17:22] JOB edicao=28 artista="GONZALO ARAYA" OK feed(14.9s)
[2026-07-03 13:23:06] JOB edicao=28 artista="GONZALO ARAYA" OK feed(14.4s)
[2026-07-03 13:25:27] JOB edicao=28 artista="GONZALO ARAYA" OK feed(15.3s)
[2026-07-03 13:45:11] JOB edicao=28 artista="GONZALO ARAYA" OK feed(16.5s)
[2026-07-03 13:47:28] JOB edicao=28 artista="GONZALO ARAYA" OK feed(14.1s)
[2026-07-03 13:53:07] JOB edicao=28 artista="GONZALO ARAYA" OK feed(17.8s)
[2026-07-03 13:55:39] JOB edicao=28 artista="GONZALO ARAYA" OK feed(13.9s)
[2026-07-03 13:59:06] JOB edicao=28 artista="GONZALO ARAYA" OK feed(13.6s)
[2026-07-03 13:59:41] JOB edicao=28 artista="GONZALO ARAYA" OK feed(13.4s)
[2026-07-03 14:05:34] JOB edicao=28 artista="GONZALO ARAYA" OK feed(18.6s)
[2026-07-03 14:14:48] JOB edicao=28 artista="GONZALO ARAYA" OK feed(14.9s)
[2026-07-03 14:15:48] JOB edicao=28 artista="GONZALO ARAYA" OK feed(15.7s)
[2026-07-03 14:24:56] JOB edicao=28 artista="GONZALO ARAYA" OK feed(13.9s)
[2026-07-03 14:26:07] JOB edicao=28 artista="GONZALO ARAYA" OK feed(13.9s)
[2026-07-03 14:28:38] JOB edicao=28 artista="GONZALO ARAYA" OK feed(13.9s)
[2026-07-03 14:29:46] JOB edicao=28 artista="GONZALO ARAYA" OK feed(14.5s)
[2026-07-03 14:35:43] JOB edicao=28 artista="GONZALO ARAYA" OK feed(13.9s)
[2026-07-03 14:35:51] JOB edicao=28 artista="GONZALO ARAYA" OK feed(14.8s)
[2026-07-03 14:36:21] JOB edicao=28 artista="GONZALO ARAYA" OK feed(15.1s)
[2026-07-03 14:37:11] JOB edicao=28 artista="GONZALO ARAYA" OK feed(14.9s)
[2026-07-03 14:37:50] JOB edicao=28 artista="GONZALO ARAYA" OK feed(14.3s)
[2026-07-03 14:39:56] JOB edicao=28 artista="GONZALO ARAYA" OK feed(16.0s)
[2026-07-03 14:41:01] JOB edicao=28 artista="GONZALO ARAYA" OK feed(14.1s)
[2026-07-03 14:41:44] JOB edicao=28 artista="GONZALO ARAYA" OK feed(14.0s)
[2026-07-03 14:42:54] JOB edicao=28 artista="GONZALO ARAYA" OK feed(15.2s)
[2026-07-03 14:45:06] JOB edicao=28 artista="GONZALO ARAYA" OK feed(14.4s)
[2026-07-03 15:00:05] JOB edicao=28 artista="GONZALO ARAYA" OK feed(17.2s)
[2026-07-03 16:10:20] JOB edicao=28 artista="GONZALO ARAYA" OK feed(25.8s)
[2026-07-03 16:14:31] JOB edicao=28 artista="GONZALO ARAYA" OK feed(17.6s)
[2026-07-03 16:15:22] JOB edicao=28 artista="GONZALO ARAYA" OK feed(14.2s)
[2026-07-03 16:16:16] JOB edicao=28 artista="GONZALO ARAYA" OK feed(14.2s)
[2026-07-03 16:17:22] JOB edicao=28 artista="GONZALO ARAYA" OK feed(14.7s)
[2026-07-03 16:20:37] JOB edicao=28 artista="GONZALO ARAYA" OK feed(14.5s)
